/usr/bin/awk: non-terminated string  ... at source line 14
 context is
	 >>> 	sub(" <<< 
reading 33110 1-grams
reading 425750 2-grams
reading 268962 3-grams
