name sw_40008_A_0015814_0016128
numaligns 16
posterior 1
align 0 *DELETE* 0.9999987186635144 uhhuh 1.281336486535182e-06
reference 0 *DELETE*
info 0 uhhuh 0.55 0.54 -401.4709 -14.94176 m:hh:pum 3:43:8
time 0 0.82
align 1 uhhuh 0.9984652036110565 um 0.001281060191812196 uh 0.0002074349266962351 huh 4.630127043612054e-05 *DELETE* 0
reference 1 *DELETE*
info 1 uhhuh 0.55 0.59 -450.5208 0 m:hh:pum 3:43:13
info 1 um 0.58 0.21 -154.3537 -13.16298 puh:pum 18:3
info 1 uh 0.58 0.43 -308.7075 -17.78781 puh 43
info 1 huh 0.57 0.22 -170.8075 -17.78781 hh:pum 12:10
time 1 0.84
align 2 *DELETE* 0.999999998942431 [laugh] 9.688811349990838e-10 uhhuh 8.868874489598812e-11
reference 2 *DELETE*
info 2 [laugh] 1.08 0.17 -160.4905 -18.14357 lau:lau 14:3
info 2 uhhuh 1.09 0.12 -118.5113 -20.98962 ax:hh:puh 3:3:6
time 2 1.16
align 3 *DELETE* 0.9584029255935692 [mouth] 0.0323101550875567 uhhuh 0.005571420880939008 [laugh] 0.003418132453222674 [noise] 0.0002745717227507062 yeah 1.446085277305544e-05 is 4.347491825554515e-06 oh 3.82923033653173e-06 huh 1.566849593431263e-07 @reject@ 1.101348854421833e-12 it 9.692553911944615e-13
reference 3 *DELETE*
info 3 [mouth] 0.79 0.56 -439.9371 -14.94176 mtn:mtn:mtn 33:12:11
info 3 uhhuh 1.09 0.15 -150.1736 0 ax:hh:puh 3:3:9
info 3 [laugh] 1.08 0.27 -240.5357 -17.78781 lau:lau 14:13
info 3 [noise] 1.03 0.33 -288.6962 -19.56659 bgn:bgn 8:25
info 3 yeah 1.13 0.09 -100.9903 0 y:ae 3:6
info 3 is 1.13 0.22 -219.4571 -36.64289 ax:z 6:16
info 3 oh 1.1 0.14 -148.9285 0 ow 14
info 3 huh 1.1 0.21 -208.8289 0 hh:ah 18:3
info 3 @reject@ 1.1 0.14 -142.9251 0 rej:rej 4:10
info 3 it 1.1 0.14 -140.2569 0 ax:t 10:4
time 3 1.10
align 4 *DELETE* 1 [laugh] 8.79667474133024e-17
reference 4 *DELETE*
info 4 [laugh] 1.14 0.0700001 -78.88895 -18.14357 lau:lau 4:3
time 4 1.18
align 5 *DELETE* 0.9998998424049472 in 6.890743897554077e-05 of 9.329933462133448e-06 to 6.419496012119409e-06 so 5.853806562420704e-06 uh 4.738102204378954e-06 [mouth] 1.971366910537077e-06 and 1.580624659753031e-06 [laugh] 8.719356772837605e-07 at 4.393650976663999e-07 [noise] 2.406067620584728e-08 oh 1.079672455225586e-08 is 1.066808835595511e-08 if 3.317307720759747e-15 i've 1.032494705121705e-16
reference 5 *DELETE*
info 5 in 1.35 0.06 -65.59256 -24.90294 ax:n 3:3
info 5 of 1.32 0.03 -24.72506 -27.39323 ax 3
info 5 to 1.29 0.0600001 -51.54019 -22.7684 t:ax 3:3
info 5 so 1.18 0.17 -160.0903 -33.79684 s:ax 14:3
info 5 uh 1.32 0.03 -31.12867 -11.73996 puh 3
info 5 [mouth] 1.24 0.11 -97.43275 -18.85508 mtn:mtn 3:8
info 5 and 1.35 0.0699999 -71.507 -32.01806 ax:n 4:3
info 5 [laugh] 1.14 0.21 -196.0217 -17.0763 lau:lau 8:13
info 5 at 1.31 0.0600001 -59.10001 -33.44109 ax:t 3:3
info 5 [noise] 1.3 0.0600001 -50.60633 -19.56659 bgn:bgn 3:3
info 5 oh 1.34 0.03 -40.11152 -16.00903 ow 3
info 5 is 1.29 0.0600001 -54.38624 -34.86411 ax:z 3:3
info 5 if 1.15 0.09 -93.07473 0 ax:f 4:5
info 5 i've 1.13 0.22 -206.7388 -25.25869 ay:v 3:19
time 5 1.35
align 6 that's 0.7624272881473491 the 0.1874797523427838 that 0.04667461872463776 and 0.002538156647360423 [mouth] 0.0004097390777636606 a 0.0002712461824161617 [laugh] 8.849946812525879e-05 this 4.81258698766483e-05 of 4.538014882313284e-05 they 5.71818454789502e-06 i 5.279044139986243e-06 to 2.842500558394379e-06 in 1.066817364956199e-06 it's 7.93318182984248e-07 us 4.8631698690216e-07 [noise] 4.021015965617132e-07 nice 3.516136958464854e-07 pass 2.321813700992577e-07 pests 1.834268547656813e-08 myself 2.730009555218646e-09 itself 2.397266669895893e-10
reference 6 that
info 6 that's 1.36 0.29 -241.6919 -24.90294 dh:ae:t:s 6:6:5:12
info 6 the 1.35 0.14 -125.6709 -28.81626 dh:ax 8:6
info 6 that 1.35 0.18 -157.5556 -33.79684 dh:ae:t 7:6:5
info 6 and 1.35 0.0799999 -79.60046 -35.57563 ax:n 5:3
info 6 [mouth] 0.79 0.56 -439.9371 -22.41264 mtn:mtn:mtn 33:12:11
info 6 a 1.42 0.0700001 -61.63477 0 ax 7
info 6 [laugh] 1.08 0.27 -240.5357 -34.1526 lau:lau 14:13
info 6 this 1.35 0.3 -263.0373 -22.05689 dh:ih:s 9:5:16
info 6 of 1.35 0.14 -141.8578 -27.03748 ax:v 10:4
info 6 they 1.35 0.14 -127.7165 -26.68172 dh:ey 10:4
info 6 i 1.35 0.12 -117.5774 -28.4605 ay 12
info 6 to 1.36 0.13 -131.4075 -26.68172 t:ax 3:10
info 6 in 1.35 0.06 -64.6587 -24.90294 ax:n 3:3
info 6 it's 1.35 0.3 -279.2686 -27.74899 ax:t:s 12:6:12
info 6 us 1.35 0.3 -276.1558 -19.56659 ah:s 14:16
info 6 [noise] 1.03 0.32 -277.1341 -24.19143 bgn:bgn 8:24
info 6 nice 1.34 0.2 -195.7993 -33.79684 n:ay:s 7:7:6
info 6 pass 1.35 0.3 -270.2413 -15.29752 p:ae:s 5:8:17
info 6 pests 1.35 0.3 -256.5002 -7.470881 p:eh:s:t:s 3:10:4:3:10
info 6 myself 1.35 0.48 -432.733 -54.07495 m:ay:s:eh:l:f 3:10:17:10:5:3
info 6 itself 1.35 0.48 -438.5585 -53.71919 ax:t:s:eh:l:f 12:6:12:10:5:3
time 6 1.49
align 7 *DELETE* 0.9999993424339954 i 5.927380276447971e-07 the 6.482794546301894e-08 a 1.809500257214881e-14 this 1.42044767445358e-14
reference 7 *DELETE*
info 7 i 1.43 0.0500001 -46.02597 0 ay 5
info 7 the 1.56 0.0300001 -28.86073 0 ax 3
info 7 a 1.64 0.03 -38.28827 0 ax 3
info 7 this 1.35 0.3 -263.0373 -22.05689 dh:ih:s 9:5:16
time 7 1.55
align 8 that's 0.6351548890001645 south 0.2536545733059799 our 0.09675630467481354 out 0.006371333076545225 how 0.00592177350478248 the 0.0006731794654404997 after 0.0005148729366825173 not 0.0002892197714248417 this 0.0002170103074129134 myself 0.0002119376651597262 itself 6.412417779448707e-05 else 4.847054582063664e-05 sell 4.765581532187844e-05 house 3.593276921246654e-05 self 1.078992376461724e-05 that 8.816830879532057e-06 all 4.06266350243443e-06 have 3.709307040782933e-06 stuff 3.693905325062093e-06 sound 3.574089586746064e-06 now 1.986231291532992e-06 tough 7.835418057121205e-07 shelf 3.161923173840007e-07 salad 2.666222087720841e-07 sells 2.46796511380939e-07 dallas 1.292612246055396e-07 cell 1.203895732398916e-07 shell 1.018538469363878e-07 alfred 4.774447046918314e-08 ouster 3.03822143793677e-08 half 2.77379078151049e-08 uh 1.272446335094872e-08 streep 2.969736222208235e-09 sow 2.000355497739872e-09 sao 9.834134549089454e-10 a 8.32008544414324e-10
reference 8 south
info 8 that's 1.62 0.28 -265.661 -12.45147 dh:ae:t:s 4:11:5:8
info 8 south 1.53 0.37 -309.6414 -13.51874 s:aw:th 12:15:10
info 8 our 1.65 0.16 -145.7711 -27.39323 aw:er 11:5
info 8 out 1.65 0.18 -150.2181 -29.88353 aw:t 14:4
info 8 how 1.64 0.17 -147.7722 -35.93138 hh:aw 4:13
info 8 the 1.64 0.03 -38.28827 0 ax 3
info 8 after 1.65 0.37 -331.2535 -11.73996 ae:f:t:er 12:13:5:7
info 8 not 1.65 0.16 -151.4188 0 n:aa:t 3:10:3
info 8 this 1.35 0.27 -237.2894 -38.77743 dh:ih:s 9:5:13
info 8 myself 1.35 0.48 -429.9759 -36.28714 m:ay:s:eh:l:f 5:8:17:10:5:3
info 8 itself 1.35 0.48 -438.5585 -35.93138 ax:t:s:eh:l:f 12:6:12:10:5:3
info 8 else 1.65 0.27 -239.335 -29.88353 eh:l:s 10:5:12
info 8 sell 1.49 0.3 -253.6987 -36.99865 s:eh:l 16:10:4
info 8 house 1.64 0.28 -246.8948 -29.52777 hh:aw:s 4:11:13
info 8 self 1.53 0.3 -250.0077 -35.93138 s:eh:l:f 12:10:5:3
info 8 that 1.62 0.11 -93.83071 -33.44109 dh:ae 4:7
info 8 all 1.66 0.13 -127.4497 0 ao:l 10:3
info 8 have 1.57 0.25 -216.1219 -34.50836 hh:ae:v 11:9:5
info 8 stuff 1.54 0.33 -300.1693 -33.79684 s:t:ah:f 8:4:13:8
info 8 sound 1.49 0.33 -290.2082 -33.44109 s:aw:n:d 16:10:4:3
info 8 now 1.65 0.14 -121.0461 -34.50836 n:aw 3:11
info 8 tough 1.62 0.33 -306.5285 -29.52777 t:ah:f 4:13:16
info 8 shelf 1.49 0.34 -303.1043 -35.21987 sh:eh:l:f 18:6:7:3
info 8 salad 1.53 0.29 -239.0237 -32.37382 s:ae:l:ax:d 12:8:3:3:3
info 8 sells 1.53 0.32 -279.0463 -28.10474 s:eh:l:z 12:10:6:4
info 8 dallas 1.62 0.23 -205.3158 -31.66231 d:ae:l:ax:s 3:8:4:4:4
info 8 cell 1.53 0.26 -207.8506 -34.86411 s:eh:l 12:8:6
info 8 shell 1.49 0.3 -261.2585 -34.50836 sh:eh:l 18:6:6
info 8 alfred 1.65 0.49 -435.0009 -36.64289 ae:l:f:r:ax:d 8:5:17:5:5:9
info 8 ouster 1.65 0.37 -307.5513 -9.249662 aw:s:t:er 14:11:5:7
info 8 half 1.57 0.34 -302.4373 -30.23928 hh:ae:f 11:9:14
info 8 uh 1.67 0.12 -126.3379 -49.45012 puh 12
info 8 streep 1.83 0.32 -239.2905 -35.93138 s:t:r:iy:p 7:5:6:4:10
info 8 sow 1.53 0.26 -200.8689 -31.66231 s:aw 12:14
info 8 sao 1.55 0.24 -180.0127 -33.08533 s:aw 10:14
info 8 a 1.64 0.03 -38.28827 0 ax 3
time 8 1.75
align 9 *DELETE* 0.9271632028850469 korea 0.07260395087948439 after 0.000159046184510601 for 3.140099357351726e-05 house 3.118112814338461e-05 korea's 5.020044423403677e-06 out 2.288921599271375e-06 streets 1.379389906236037e-06 streep 8.830386302313229e-07 was 7.521061705569768e-07 trooper 5.757015008199336e-07 a 2.894004253600701e-07 free 1.199823451623306e-08 group 5.387156212720224e-09 else 4.655476478854544e-09 troops 2.909385515594114e-09 troop 2.825891710964028e-09 through 1.440292019844277e-09 sell 1.101505205349067e-10
reference 9 *DELETE*
info 9 korea 1.9 0.18 -148.4393 -11.3842 k:r:iy:ax 3:8:3:4
info 9 after 1.66 0.36 -319.647 -11.73996 ae:f:t:er 11:13:5:7
info 9 for 1.82 0.19 -164.226 0 f:r:er 13:3:3
info 9 house 1.64 0.26 -232.0865 -38.06592 hh:aw:s 4:13:9
info 9 korea's 1.9 0.23 -192.4641 -35.21987 k:r:iy:ax:z 3:8:3:4:5
info 9 out 1.65 0.18 -150.2181 -29.88353 aw:t 14:4
info 9 streets 1.81 0.33 -274.9551 -36.99865 s:t:r:iy:t:s 9:5:6:4:6:3
info 9 streep 1.84 0.31 -231.5084 -35.93138 s:t:r:iy:p 6:5:6:4:10
info 9 was 1.73 0.1 -92.94132 0 w:ax:z 4:3:3
info 9 trooper 1.9 0.39 -260.1468 -18.49932 t:r:uw:p:er 5:6:4:11:13
info 9 a 1.75 0.04 -35.88691 -28.81626 ax 4
info 9 free 1.83 0.21 -167.2054 -18.85508 f:r:iy 12:6:3
info 9 group 1.93 0.22 -177.2556 -37.35441 g:r:uw:p 3:5:4:10
info 9 else 1.67 0.23 -199.4903 -48.38285 eh:l:s 5:7:11
info 9 troops 1.9 0.24 -192.6865 -36.28714 t:r:uw:p:s 5:6:6:4:3
info 9 troop 1.9 0.25 -186.4607 -35.93138 t:r:uw:p 5:6:4:10
info 9 through 1.92 0.12 -93.65283 -11.3842 th:r:uw 3:6:3
info 9 sell 1.53 0.28 -226.0386 -50.87314 s:eh:l 12:8:8
time 9 1.99
align 10 true 0.6348625097267507 street 0.2854737184055315 for 0.07261629555520439 three 0.003130113270323562 free 0.003089160686131296 a 0.0007053567715652217 tree 2.841049639835069e-05 jeffrey 2.763635369918256e-05 streep 2.707599340725344e-05 trooper 1.220063944930891e-05 streets 8.770574184480807e-06 rich 7.345703247072277e-06 korea's 6.406267498419239e-06 alfred 1.787122558047863e-06 geoffrey 1.752946424691824e-06 it's 5.743074571959564e-07 through 5.45670390566836e-07 group 1.813174773130363e-07 troop 9.267703201715604e-08 re 3.199745669501204e-08 troops 2.63534776680309e-08 of 7.163942329317521e-09 ridge 3.965534092625878e-13
reference 10 street
info 10 true 1.9 0.18 -133.9422 -41.26773 t:r:uw 5:6:7
info 10 street 1.81 0.27 -224.4822 -30.23928 s:t:r:iy:t 9:5:6:4:3
info 10 for 2.08 0.21 -140.6571 -14.94176 f:r:er 8:5:8
info 10 three 1.9 0.15 -103.7474 -41.26773 th:r:iy 5:6:4
info 10 free 1.8 0.25 -195.3102 -40.55621 f:r:iy 15:6:4
info 10 a 2.02 0.03 -24.41377 -31.66231 ax 3
info 10 tree 1.9 0.15 -99.47834 -25.61445 t:r:iy 5:6:4
info 10 jeffrey 1.61 0.44 -378.9694 -39.48895 jh:eh:f:r:iy 6:10:18:6:4
info 10 streep 1.84 0.31 -231.5084 -35.93138 s:t:r:iy:p 6:5:6:4:10
info 10 trooper 1.9 0.39 -260.1468 -18.49932 t:r:uw:p:er 5:6:4:11:13
info 10 streets 1.85 0.29 -231.6418 -36.99865 s:t:r:iy:t:s 5:5:6:4:6:3
info 10 rich 2.14 0.45 -354.8669 -13.51874 r:ih:ch 14:8:23
info 10 korea's 1.9 0.23 -192.4641 -35.21987 k:r:iy:ax:z 3:8:3:4:5
info 10 alfred 1.65 0.43 -375.9454 -39.48895 ae:l:f:r:ax:d 8:5:17:5:5:3
info 10 geoffrey 1.61 0.44 -378.9694 -38.42168 jh:eh:f:r:iy 6:10:18:6:4
info 10 it's 2.29 0.34 -313.6436 0 ih:t:s 6:5:23
info 10 through 1.92 0.16 -122.8693 -40.20045 th:r:uw 3:6:7
info 10 group 1.93 0.22 -177.2556 -37.35441 g:r:uw:p 3:5:4:10
info 10 troop 1.9 0.25 -186.4607 -35.93138 t:r:uw:p 5:6:4:10
info 10 re 1.95 0.0999999 -57.9438 -38.42168 r:iy 6:4
info 10 troops 1.9 0.24 -192.6865 -36.28714 t:r:uw:p:s 5:6:6:4:3
info 10 of 2.02 0.06 -52.20723 -39.13319 ax:v 3:3
info 10 ridge 2.15 0.47 -383.861 0 r:ih:jh 13:8:26
time 10 1.99
align 11 *DELETE* 0.9996882497079485 for 0.000296238447753812 a 1.551184429847166e-05
reference 11 *DELETE*
info 11 for 2.08 0.21 -139.5009 -23.47991 f:er 8:13
info 11 a 2.04 0.03 -26.99301 -31.66231 ax 3
time 11 2.18
align 12 bridge 0.9269744535535117 its 0.07289995255848029 rich 5.830445550560248e-05 branch 2.738858099785965e-05 fridge 1.407391002056865e-05 it's 1.21570790026601e-05 [laugh] 7.325783015307569e-06 for 5.750517465389548e-06 uh 4.561546584803595e-07 @reject@ 6.901663812767792e-08 a 3.21879070638968e-08 [noise] 1.313395486006996e-08 and 8.841412258553436e-09 so 6.620149341633476e-09 [mouth] 1.957790093595229e-09 uhhuh 1.936663443939697e-09 ridge 1.769756213716455e-09 it 7.331642238354308e-10 in 3.785670723211782e-10 time 1.853226917537535e-10 yeah 1.483385363252361e-10 oh 1.219863150031235e-10 or 7.663341742087225e-11 but 6.714309492424995e-11 um 4.262984461393613e-11 huh 4.172176541717886e-11 are 2.572151709682532e-11 the 2.160185340947144e-11 too 1.800539733326857e-11 inch 1.312212809710971e-11 that 1.210612310457028e-11 him 1.026512372693002e-11 i 8.123046863773308e-12 is 7.570503705229886e-12 right 6.475139410857105e-12 no 6.122747592138438e-12 on 3.602547195269173e-12 at 2.518007130144145e-12 this 2.193157978122312e-12 with 1.875862076975448e-12 to 1.844035917687167e-12 up 1.319837707336979e-12 of 1.115790211384062e-12 out 1.069581393007994e-12 i'm 6.425004753402794e-13 if 4.91398357445051e-13 you 4.558715761764332e-13 know 3.515071401271053e-13 us 3.323130207082862e-13 now 1.623957195499483e-13 okay 8.443985488003388e-14 me 7.800487455605754e-14 stuff 7.041764120243243e-14 though 5.126817735533842e-14 like 4.953643886930447e-14 was 3.618363232878345e-14 who 2.92154032833264e-14 say 1.793430171029076e-14 as 1.63507128021173e-14 that's 1.425991899043759e-14 uhuh 1.179038288766194e-14 i've 6.573824653320392e-15 an 5.644512543456147e-15 has 3.69642480675221e-15 his 2.104898560850629e-15
reference 12 bridge
info 12 bridge 2.08 0.54 -438.4251 0 b:r:ih:jh 8:12:8:26
info 12 its 2.29 0.45 -437.8026 0 ih:t:s 6:5:34
info 12 rich 2.13 0.49 -397.5576 0 r:ih:ch 16:7:26
info 12 branch 2.05 0.57 -483.6061 0 b:r:ae:n:ch 11:13:4:4:25
info 12 fridge 2.11 0.51 -417.7468 0 f:r:ih:jh 5:12:8:26
info 12 it's 2.29 0.45 -437.8026 0 ih:t:s 6:5:34
info 12 [laugh] 2.59 0.25 -243.8264 0 lau:lau 21:4
info 12 for 2.71 0.0999999 -110.151 0 f:er 6:4
info 12 uh 2.72 0.11 -102.3244 0 puh 11
info 12 @reject@ 2.68 0.15 -162.3138 0 rej:rej 5:10
info 12 a 2.71 0.11 -112.0632 0 ax 11
info 12 [noise] 2.62 0.22 -215.1881 0 bgn:bgn 19:3
info 12 and 2.71 0.12 -121.9799 0 ax:n:d 6:3:3
info 12 so 2.71 0.11 -112.7303 0 s:ow 3:8
info 12 [mouth] 2.71 0.18 -147.461 0 mtn:mtn 10:8
info 12 uhhuh 2.68 0.15 -166.2271 0 ax:hh:puh 3:3:9
info 12 ridge 2.15 0.47 -383.861 0 r:ih:jh 13:8:26
info 12 it 2.71 0.11 -111.2183 0 ax:t 8:3
info 12 in 2.65 0.0799999 -90.71784 0 ax:n 4:4
info 12 time 2.71 0.11 -112.9081 0 t:ay:m 3:3:5
info 12 yeah 2.71 0.0999999 -113.9754 0 y:ae 5:5
info 12 oh 2.67 0.15 -165.9603 0 ow 15
info 12 or 2.68 0.06 -78.0885 0 er 6
info 12 but 2.72 0.0999999 -99.07812 0 b:ax:t 4:3:3
info 12 um 2.71 0.11 -118.4224 0 puh:pum 7:4
info 12 huh 2.71 0.0999999 -106.4601 0 hh:ah 6:4
info 12 are 2.68 0.06 -78.0885 0 er 6
info 12 the 2.71 0.11 -112.419 0 dh:ax 5:6
info 12 too 2.71 0.0999999 -111.8853 0 t:uw 5:5
info 12 inch 2.29 0.33 -302.7041 0 ih:n:ch 5:3:25
info 12 that 2.71 0.11 -114.8648 0 dh:ax:t 5:3:3
info 12 him 2.71 0.11 -109.2616 0 ax:m 7:4
info 12 i 2.71 0.0999999 -102.9914 0 ay 10
info 12 is 2.68 0.15 -160.7574 0 ax:z 11:4
info 12 right 2.64 0.0999999 -121.4908 0 r:ay:t 3:3:4
info 12 no 2.68 0.14 -159.9569 0 n:ow 3:11
info 12 on 2.71 0.11 -116.1099 0 aa:n 6:5
info 12 at 2.67 0.0699999 -87.64944 0 ae:t 3:4
info 12 this 2.71 0.13 -125.1373 0 dh:ax:s 7:3:3
info 12 with 2.71 0.13 -126.5158 0 w:ax:th 6:3:4
info 12 to 2.71 0.11 -112.5524 0 t:ax 4:7
info 12 up 2.71 0.11 -116.0655 0 ah:p 8:3
info 12 of 2.71 0.13 -119.3118 0 ax:v 7:6
info 12 out 2.68 0.06 -79.37811 0 aw:t 3:3
info 12 i'm 2.71 0.11 -105.3928 0 ay:m 6:5
info 12 if 2.71 0.13 -119.4452 0 ax:f 9:4
info 12 you 2.71 0.0999999 -111.5741 0 y:uw 6:4
info 12 know 2.68 0.14 -159.9569 0 n:ow 3:11
info 12 us 2.71 0.12 -120.3345 0 ah:s 8:4
info 12 now 2.71 0.0999999 -112.6413 0 n:aw 4:6
info 12 okay 2.67 0.11 -139.8122 0 ow:k:ey 4:4:3
info 12 me 2.65 0.0899999 -109.7953 0 m:iy 3:6
info 12 stuff 2.67 0.17 -186.0161 0 s:t:ah:f 4:5:3:5
info 12 though 2.71 0.11 -114.1978 0 dh:ow 5:6
info 12 like 2.65 0.0899999 -112.419 0 l:ay:k 3:3:3
info 12 was 2.71 0.12 -122.6025 0 w:ax:z 5:3:4
info 12 who 2.71 0.0999999 -106.8158 0 hh:uw 5:5
info 12 say 2.65 0.0899999 -106.1932 0 s:ey 3:6
info 12 as 2.71 0.12 -119.623 0 eh:z 6:6
info 12 that's 2.71 0.13 -130.7849 0 dh:ae:t:s 4:3:3:3
info 12 uhuh 2.71 0.0899999 -98.23319 0 ah:ah 6:3
info 12 i've 2.71 0.11 -107.3494 0 ay:v 7:4
info 12 an 2.65 0.0799999 -90.71784 0 ax:n 4:4
info 12 has 2.71 0.12 -118.5558 0 hh:ax:z 5:3:4
info 12 his 2.71 0.12 -118.5558 0 hh:ax:z 5:3:4
time 12 2.36
align 13 *DELETE* 0.9999999985385593 so 1.450235029860278e-09 to 4.946947699962498e-12 or 3.073567221747699e-12 in 1.707907180569427e-12 @reject@ 1.230624621690003e-12 [noise] 2.475505149873824e-13
reference 13 *DELETE*
info 13 so 2.44 0.28 -268.1513 0 s:ow 22:6
info 13 to 2.71 0.06 -71.19572 -13.51874 t:ax 3:3
info 13 or 2.68 0.04 -55.05328 0 er 4
info 13 in 2.65 0.0699999 -80.22304 0 ax:n 4:3
info 13 @reject@ 2.68 0.12 -137.4998 -17.78781 rej:rej 5:7
info 13 [noise] 2.64 0.19 -193.6203 -15.65328 bgn:bgn:bgn 3:13:3
time 13 2.70
align 14 *DELETE* 0.9961289342149521 and 0.001748172142874653 [laugh] 0.001567104124091322 uh 0.0002897965967750206 [mouth] 0.0002232099449678368 so 5.846854194995739e-06 rich 5.750517440831902e-06 uhhuh 5.607174062879156e-06 yeah 4.171022757022285e-06 it 2.868059645347602e-06 @reject@ 2.523233356426693e-06 to 2.302319490845599e-06 [noise] 2.122852786772054e-06 or 2.020499357193789e-06 that 2.012965317823062e-06 is 1.142178485805654e-06 oh 8.693758799733521e-07 but 8.024093936712118e-07 huh 7.619482950737549e-07 now 5.794799319607882e-07 right 5.293390192140699e-07 in 4.211223236961942e-07 i 3.563756978781167e-07 time 2.84983127588854e-07 um 2.454845754912745e-07 of 1.750974557421579e-07 you 1.669166117201631e-07 too 1.442179537469405e-07 that's 1.338137052937973e-07 this 1.32868303553955e-07 the 1.273167444065152e-07 him 1.271502152206738e-07 was 7.44625816148713e-08 at 7.329479171807643e-08 up 7.211889185340662e-08 on 6.094303389050472e-08 no 5.694247194907378e-08 out 5.143076115332471e-08 a 4.21209013630442e-08 with 4.171235783177712e-08 it's 2.453654063484475e-08 us 2.192172515341881e-08 i'm 1.038920724337193e-08 say 1.026700446813023e-08 if 9.017316510756014e-09 i've 4.958210391057443e-09 an 2.514149599575021e-09 know 2.835063299088527e-10 some 9.800507346807394e-11 though 7.863881966629788e-11 for 6.782739125341751e-11 okay 6.707260738030985e-11 me 6.207418177322939e-11 like 4.230046179079565e-11 are 2.476190180893225e-11 stuff 1.381681650728442e-11 uhuh 1.121337769975387e-11 as 8.34591449292702e-12 has 6.272862271631801e-12 who 5.547084208683395e-12 his 8.821429113128459e-13
reference 14 *DELETE*
info 14 and 2.71 0.12 -121.9799 0 ax:n:d 6:3:3
info 14 [laugh] 2.68 0.13 -147.461 0 lau:lau 6:7
info 14 uh 2.72 0.11 -102.3244 0 puh 11
info 14 [mouth] 2.71 0.18 -147.461 0 mtn:mtn 10:8
info 14 so 2.44 0.3 -290.0748 0 s:ow 22:8
info 14 rich 2.22 0.4 -327.1179 0 r:ih:ch 6:8:26
info 14 uhhuh 2.68 0.15 -166.2271 0 ax:hh:puh 3:3:9
info 14 yeah 2.71 0.0999999 -113.9754 0 y:ae 5:5
info 14 it 2.71 0.11 -111.2183 0 ax:t 8:3
info 14 @reject@ 2.68 0.15 -162.3138 0 rej:rej 5:10
info 14 to 2.71 0.11 -112.5524 0 t:ax 4:7
info 14 [noise] 2.64 0.2 -199.935 0 bgn:bgn:bgn 3:14:3
info 14 or 2.68 0.06 -78.0885 0 er 6
info 14 that 2.71 0.11 -114.8648 0 dh:ax:t 5:3:3
info 14 is 2.68 0.15 -160.7574 0 ax:z 11:4
info 14 oh 2.67 0.15 -165.9603 0 ow 15
info 14 but 2.72 0.0999999 -99.07812 0 b:ax:t 4:3:3
info 14 huh 2.71 0.0999999 -106.4601 0 hh:ah 6:4
info 14 now 2.71 0.0999999 -112.6413 0 n:aw 4:6
info 14 right 2.64 0.0999999 -121.4908 0 r:ay:t 3:3:4
info 14 in 2.65 0.0799999 -90.71784 0 ax:n 4:4
info 14 i 2.71 0.0999999 -102.9914 0 ay 10
info 14 time 2.71 0.11 -112.9081 0 t:ay:m 3:3:5
info 14 um 2.71 0.11 -118.4224 0 puh:pum 7:4
info 14 of 2.71 0.13 -119.3118 0 ax:v 7:6
info 14 you 2.71 0.0999999 -111.5741 0 y:uw 6:4
info 14 too 2.71 0.0999999 -111.8853 0 t:uw 5:5
info 14 that's 2.71 0.13 -130.7849 0 dh:ae:t:s 4:3:3:3
info 14 this 2.71 0.13 -125.1373 0 dh:ax:s 7:3:3
info 14 the 2.71 0.11 -112.419 0 dh:ax 5:6
info 14 him 2.71 0.11 -109.2616 0 ax:m 7:4
info 14 was 2.71 0.12 -122.6025 0 w:ax:z 5:3:4
info 14 at 2.67 0.0699999 -87.64944 0 ae:t 3:4
info 14 up 2.71 0.11 -116.0655 0 ah:p 8:3
info 14 on 2.71 0.11 -116.1099 0 aa:n 6:5
info 14 no 2.68 0.14 -159.9569 0 n:ow 3:11
info 14 out 2.68 0.06 -79.37811 0 aw:t 3:3
info 14 a 2.71 0.11 -112.0632 0 ax 11
info 14 with 2.71 0.13 -126.5158 0 w:ax:th 6:3:4
info 14 it's 2.71 0.13 -124.3813 0 ax:t:s 7:3:3
info 14 us 2.71 0.12 -120.3345 0 ah:s 8:4
info 14 i'm 2.71 0.11 -105.3928 0 ay:m 6:5
info 14 say 2.44 0.3 -291.4978 0 s:ey 24:6
info 14 if 2.71 0.13 -119.4452 0 ax:f 9:4
info 14 i've 2.71 0.11 -107.3494 0 ay:v 7:4
info 14 an 2.65 0.0799999 -90.71784 0 ax:n 4:4
info 14 know 2.68 0.14 -159.9569 0 n:ow 3:11
info 14 some 2.71 0.11 -118.9115 0 s:ah:m 5:3:3
info 14 though 2.71 0.11 -114.1978 0 dh:ow 5:6
info 14 for 2.71 0.0999999 -110.151 0 f:er 6:4
info 14 okay 2.67 0.11 -139.8122 0 ow:k:ey 4:4:3
info 14 me 2.65 0.0899999 -109.7953 0 m:iy 3:6
info 14 like 2.65 0.0899999 -112.419 0 l:ay:k 3:3:3
info 14 are 2.68 0.06 -78.0885 0 er 6
info 14 stuff 2.67 0.17 -186.0161 0 s:t:ah:f 4:5:3:5
info 14 uhuh 2.71 0.0899999 -98.23319 0 ah:ah 6:3
info 14 as 2.71 0.12 -119.623 0 eh:z 6:6
info 14 has 2.71 0.12 -118.5558 0 hh:ax:z 5:3:4
info 14 who 2.71 0.0999999 -106.8158 0 hh:uw 5:5
info 14 his 2.71 0.12 -118.5558 0 hh:ax:z 5:3:4
time 14 2.76
align 15 *DELETE* 0.9999999961284468 [mouth] 3.739656478908824e-09 uh 1.308216490822714e-10 it 8.919516977999761e-13 [noise] 1.839647844637754e-13
reference 15 *DELETE*
info 15 [mouth] 2.81 0.0800002 -42.51287 0 mtn:mtn 3:5
info 15 uh 2.93 0.03 -33.35215 0 puh 3
info 15 it 2.77 0.06 -56.12055 0 ax:t 3:3
info 15 [noise] 2.74 0.0899999 -82.98015 0 bgn:bgn 3:6
time 15 2.85
